// Jest Snapshot v1, https://goo.gl/fbAQLP

exports[`dashboard basic tests is snapshot changed 1`] = `
<ForwardRef(Card)
  className="club_main"
  sx={
    Object {
      "width": 345,
    }
  }
>
  <ForwardRef(CardHeader)
    avatar={
      <ForwardRef(Avatar)
        aria-label="recipe"
        sx={
          Object {
            "bgcolor": "#f44336",
          }
        }
      >
        R
      </ForwardRef(Avatar)>
    }
    subheader="Horror"
    title="Millers Club"
  />
  <ForwardRef(CardContent)>
    <ForwardRef(Typography)
      color="text.secondary"
      variant="body2"
    >
      This impressive paella is a perfect party dish and a fun meal to cook together with your guests. Add 1 cup of frozen peas along with the mussels, if you like.
    </ForwardRef(Typography)>
  </ForwardRef(CardContent)>
  <ForwardRef(CardActions)>
    <ForwardRef(Button)
      color="success"
      variant="contained"
    >
      Join Club
    </ForwardRef(Button)>
    <ForwardRef(IconButton)
      aria-label="share"
    >
      <Memo(ForwardRef(ShareIcon)) />
    </ForwardRef(IconButton)>
  </ForwardRef(CardActions)>
</ForwardRef(Card)>
`;
